// Jest Snapshot v1, https://goo.gl/fbAQLP

exports[`Header Snapshot test 1`] = `
Object {
  "asFragment": [Function],
  "baseElement": <body>
    <div>
      <header
        class="sc-AxjAm fMkjKD"
      >
        <div
          class="menu-section container true"
        >
          <img
            alt="test"
            src="https://blog.axur.com/hs-fs/hubfs/Ativo%204.png?width=454&name=Ativo%204.png%20454w,%20https://blog.axur.com/hs-fs/hubfs/Ativo%204.png?width=907&name=Ativo%204.png%20907w,%20https://blog.axur.com/hs-fs/hubfs/Ativo%204.png?width=1361&name=Ativo%204.png%201361w,%20https://blog.axur.com/hs-fs/hubfs/Ativo%204.png?width=1814&name=Ativo%204.png%201814w,%20https://blog.axur.com/hs-fs/hubfs/Ativo%204.png?width=2268&name=Ativo%204.png%202268w,%20https://blog.axur.com/hs-fs/hubfs/Ativo%204.png?width=2721&name=Ativo%204.png%202721w"
          />
          <div
            class="menu-toggle"
          >
            <div
              class="one"
            />
            <div
              class="two"
            />
            <div
              class="three"
            />
          </div>
        </div>
      </header>
    </div>
  </body>,
  "container": <div>
    <header
      class="sc-AxjAm fMkjKD"
    >
      <div
        class="menu-section container true"
      >
        <img
          alt="test"
          src="https://blog.axur.com/hs-fs/hubfs/Ativo%204.png?width=454&name=Ativo%204.png%20454w,%20https://blog.axur.com/hs-fs/hubfs/Ativo%204.png?width=907&name=Ativo%204.png%20907w,%20https://blog.axur.com/hs-fs/hubfs/Ativo%204.png?width=1361&name=Ativo%204.png%201361w,%20https://blog.axur.com/hs-fs/hubfs/Ativo%204.png?width=1814&name=Ativo%204.png%201814w,%20https://blog.axur.com/hs-fs/hubfs/Ativo%204.png?width=2268&name=Ativo%204.png%202268w,%20https://blog.axur.com/hs-fs/hubfs/Ativo%204.png?width=2721&name=Ativo%204.png%202721w"
        />
        <div
          class="menu-toggle"
        >
          <div
            class="one"
          />
          <div
            class="two"
          />
          <div
            class="three"
          />
        </div>
      </div>
    </header>
  </div>,
  "debug": [Function],
  "findAllByAltText": [Function],
  "findAllByDisplayValue": [Function],
  "findAllByLabelText": [Function],
  "findAllByPlaceholderText": [Function],
  "findAllByRole": [Function],
  "findAllByTestId": [Function],
  "findAllByText": [Function],
  "findAllByTitle": [Function],
  "findByAltText": [Function],
  "findByDisplayValue": [Function],
  "findByLabelText": [Function],
  "findByPlaceholderText": [Function],
  "findByRole": [Function],
  "findByTestId": [Function],
  "findByText": [Function],
  "findByTitle": [Function],
  "getAllByAltText": [Function],
  "getAllByDisplayValue": [Function],
  "getAllByLabelText": [Function],
  "getAllByPlaceholderText": [Function],
  "getAllByRole": [Function],
  "getAllByTestId": [Function],
  "getAllByText": [Function],
  "getAllByTitle": [Function],
  "getByAltText": [Function],
  "getByDisplayValue": [Function],
  "getByLabelText": [Function],
  "getByPlaceholderText": [Function],
  "getByRole": [Function],
  "getByTestId": [Function],
  "getByText": [Function],
  "getByTitle": [Function],
  "queryAllByAltText": [Function],
  "queryAllByDisplayValue": [Function],
  "queryAllByLabelText": [Function],
  "queryAllByPlaceholderText": [Function],
  "queryAllByRole": [Function],
  "queryAllByTestId": [Function],
  "queryAllByText": [Function],
  "queryAllByTitle": [Function],
  "queryByAltText": [Function],
  "queryByDisplayValue": [Function],
  "queryByLabelText": [Function],
  "queryByPlaceholderText": [Function],
  "queryByRole": [Function],
  "queryByTestId": [Function],
  "queryByText": [Function],
  "queryByTitle": [Function],
  "rerender": [Function],
  "unmount": [Function],
}
`;
